[LOG] FMOD_System_Create                       : Header version = 2.03.11. Current version = 2.03.11.
[LOG] system_create                            : Header version = 2.03.11. Current version = 2.03.11.
[LOG] SystemI::setOutputInternal               : Setting output to 'FMOD WASAPI Output'
[LOG] Manager::init                            : maxchannels = 256 studioflags = 00000006 flags 00000000 extradriverdata 0000000000000000.
[LOG] SystemI::init                            : Initialize version=20311 (158528), maxchannels=256, flags=0x00020000
[LOG] OutputWASAPI::init                       : Mix Format (WAVEFORMATEX): wFormatTag=0xFFFE, nChannels=2, nSamplesPerSec=44100, nAvgBytesPerSec=352800, nBlockAlign=8, wBitsPerSample=32, cbSize=22.
[LOG] OutputWASAPI::init                       : Mix Format (WAVEFORMATEXTENSIBLE): wValidBitsPerSample=32, dwChannelMask=0x00000003, SubFormat=00000003-0000-0010-8000-00AA00389B71.
[LOG] OutputWASAPI::init                       : Output buffer size: 1880 samples, latency: 0.00ms, period: 10.00ms, DSP buffer: 512 * 4
[LOG] SystemI::init                            : Output requires a sample rate of 44100Hz, resampling will occur.
[LOG] Thread::initThread                       : Init FMOD stream thread. Affinity: 0x4000000000000003, Priority: 0xFFFF7FFB, Stack Size: 98304, Semaphore: No, Sleep Time: 10, Looping: Yes.
[LOG] SystemI::DSPCodecPoolRegister            : register codec pool for pool type 0
[LOG] Thread::initThread                       : Init FMOD mixer thread. Affinity: 0x4000000000000001, Priority: 0xFFFF7FFA, Stack Size: 81920, Semaphore: No, Sleep Time: 0, Looping: Yes.
[LOG] AsyncManager::init                       : manager 000001B69D9AD388 isAsync 0 updatePeriod 0.02
[LOG] AsyncManager::init                       : done
[LOG] PlaybackSystem::init                     : 
[LOG] Thread::initThread                       : Init FMOD Studio sample load thread. Affinity: 0x4000000000000003, Priority: 0xFFFF7FFD, Stack Size: 98304, Semaphore: No, Sleep Time: 1, Looping: No.
[LOG] PlaybackSystem::init                     : done
[LOG] Thread::initThread                       : Init FMOD Studio bank load thread. Affinity: 0x4000000000000003, Priority: 0xFFFF7FFD, Stack Size: 98304, Semaphore: No, Sleep Time: 1, Looping: No.
[LOG] Manager::init                            : done.
[LOG] BankLoader::serializeBank                : fileversion = 146, compatVersion = 146 (oldest = 44, newest = 146)
[LOG] BankLoader::serializeBank                : fileversion = 146, compatVersion = 146 (oldest = 44, newest = 146)
[LOG] BankLoader::serializeBank                : fileversion = 146, compatVersion = 146 (oldest = 44, newest = 146)
[LOG] BankLoader::serializeBank                : fileversion = 146, compatVersion = 146 (oldest = 44, newest = 146)
[LOG] BankLoader::serializeBank                : fileversion = 146, compatVersion = 146 (oldest = 44, newest = 146)
[LOG] PlaybackSystem::acquireMasterBus         : Setting master channel group format to 6
[LOG] AsyncThread::add                         : add sound to async queue : soundi = 000001B549FB7F28, queue head = 000001B549FB7588, queue count = 0
[LOG] AsyncThread::threadFunc                  : Starting Asynchronous operation on sound 000001B549FB7F28
[LOG] AsyncThread::add                         : add sound to async queue : soundi = 000001B549FB75C8, queue head = 000001B549FB7588, queue count = 0
[LOG] AsyncThread::threadFunc                  : Finished Asynchronous operation on sound 000001B549FB7F28
[LOG] AsyncThread::threadFunc                  : Starting Asynchronous operation on sound 000001B549FB75C8
[LOG] AsyncThread::threadFunc                  : Finished Asynchronous operation on sound 000001B549FB75C8
[LOG] SystemI::createSound                     : filename = ../Audio_FMOD/they will desend/Build/Desktop/Ambience_Wind_Generator.bank : mode 02010082
[LOG] SystemI::createSound                     : FMOD_NONBLOCKING specified.  Putting into queue to be opened asynchronously!
[LOG] AsyncThread::getAsyncThread              : index = 0 / 5
[LOG] AsyncThread::add                         : add sound to async queue : soundi = 000001B549FB6C68, queue head = 000001B549FB7588, queue count = 0
[LOG] AsyncThread::threadFunc                  : Starting Asynchronous operation on sound 000001B549FB6C68
[LOG] SystemI::createSound                     : filename = ../Audio_FMOD/they will desend/Build/Desktop/Ambience_Wind_Generator.bank : mode 02010082
[LOG] SystemI::createSoundInternal             :     Create name='../Audio_FMOD/they will desend/Build/Desktop/Ambience_Wind_Generator.bank', mode=0x02010082
[LOG] SystemI::createSound                     :     FMOD_NONBLOCKING specified.  Putting into queue to be opened asynchronously!
[LOG] SystemI::createSoundInternal             :     exinfo->cbsize             = 224
[LOG] AsyncThread::getAsyncThread              :     index = 0 / 5
[LOG] SystemI::createSoundInternal             :     exinfo->length             = 946240
[LOG] AsyncThread::add                         :     add sound to async queue : soundi = 000001B549FB86F8, queue head = 000001B549FB7588, queue count = 0
[LOG] SystemI::createSoundInternal             :     exinfo->fileoffset         = 5696
[LOG] SystemI::createSoundInternal             :     exinfo->numsubsounds       = 1
[LOG] SystemI::createSoundInternal             :     exinfo->inclusionlist      = 000001B5ADAAD9D8
[LOG] SystemI::createSoundInternal             :     exinfo->inclusionlistnum   = 1
[LOG] SystemI::createSoundInternal             :     exinfo->suggestedsoundtype = 5
[LOG] SystemI::createSoundInternal             :     exinfo->initialseekpostype = 1
[LOG] SystemI::createSoundInternal             :     Stream 0/1: name='Birds, Bird Of Prey, Boreal Owl, Hooting, Quiet Night, Middle of Forest, Nord Odal, Norway SND157971 2', format=5, channels=2, frequency=48000, lengthbytes=793280, lengthpcm=2854960, pcmblocksize=0, loopstart=0, loopend=0, mode=0x00000000, channelmask=0x00000000, channelorder=0, peakvolume=0.169746.
[LOG] AsyncThread::threadFunc                  : Finished Asynchronous operation on sound 000001B549FB6C68
[LOG] AsyncThread::threadFunc                  : Starting Asynchronous operation on sound 000001B549FB86F8
[LOG] SystemI::createSoundInternal             :     Create name='../Audio_FMOD/they will desend/Build/Desktop/Ambience_Wind_Generator.bank', mode=0x02010082
[LOG] SystemI::createSoundInternal             :     exinfo->cbsize             = 224
[LOG] SystemI::createSoundInternal             :     exinfo->length             = 946240
[LOG] SystemI::createSoundInternal             :     exinfo->fileoffset         = 5696
[LOG] SystemI::createSoundInternal             :     exinfo->numsubsounds       = 1
[LOG] SystemI::createSoundInternal             :     exinfo->inclusionlist      = 000001B5ADAAD198
[LOG] SystemI::createSoundInternal             :     exinfo->inclusionlistnum   = 1
[LOG] SystemI::createSoundInternal             :     exinfo->suggestedsoundtype = 5
[LOG] SystemI::createSoundInternal             :     exinfo->initialseekpostype = 1
[LOG] SystemI::createSoundInternal             :     Stream 0/1: name='whitenoisetv', format=5, channels=2, frequency=44100, lengthbytes=152096, lengthpcm=651959, pcmblocksize=0, loopstart=0, loopend=651322, mode=0x00000000, channelmask=0x00000000, channelorder=0, peakvolume=0.275501.
[LOG] AsyncThread::threadFunc                  : Finished Asynchronous operation on sound 000001B549FB86F8
[LOG] AsyncThread::add                         : add sound to async queue : soundi = 000001B549FB78E8, queue head = 000001B549FB7588, queue count = 0
[LOG] AsyncThread::threadFunc                  : Starting Asynchronous operation on sound 000001B549FB78E8
[LOG] AsyncThread::threadFunc                  : Finished Asynchronous operation on sound 000001B549FB78E8
[LOG] SoundI::release                          : whitenoisetv (000001B549FB6F88)
[LOG] SoundI::release                          :     whitenoisetv (000001B638B1A388)
[LOG] SoundI::release                          :     whitenoisetv (000001B549FB75C8)
[LOG] SoundI::release                          : Birds, Bird Of Prey, Boreal Owl, Hooting, Quiet Night, Middle of Forest, Nord Odal, Norway SND157971 2 (000001B549FB83D8)
[LOG] SoundI::release                          :     Birds, Bird Of Prey, Boreal Owl, Hooting, Quiet Night, Middle of Forest, Nord Odal, Norway SND157971 2 (000001B638B1A988)
[LOG] SoundI::release                          :     Birds, Bird Of Prey, Boreal Owl, Hooting, Quiet Night, Middle of Forest, Nord Odal, Norway SND157971 2 (000001B549FB7F28)
[WRN] AsyncCommand_eventInstance_setParameterByName::executeShadow : Parameter 'Distance' is readonly
[LOG] SystemI::createSoundInternal             : Create name='', mode=0x02000202
[LOG] SystemI::createSoundInternal             : exinfo->cbsize             = 224
[LOG] SystemI::createSoundInternal             : exinfo->length             = 8391232
[LOG] SystemI::createSoundInternal             : exinfo->fileoffset         = 12448
[LOG] SystemI::createSoundInternal             : exinfo->numsubsounds       = 1
[LOG] SystemI::createSoundInternal             : exinfo->inclusionlist      = 0000007DB19FF148
[LOG] SystemI::createSoundInternal             : exinfo->inclusionlistnum   = 1
[LOG] SystemI::createSoundInternal             : exinfo->suggestedsoundtype = 5
[LOG] SystemI::createSoundInternal             : exinfo->useropen           = 00007FFD3D8CDA60
[LOG] SystemI::createSoundInternal             : exinfo->userclose          = 00007FFD3D8CDA20
[LOG] SystemI::createSoundInternal             : exinfo->userread           = 00007FFD3D8CDB40
[LOG] SystemI::createSoundInternal             : exinfo->userseek           = 00007FFD3D8CDC00
[LOG] SystemI::createSoundInternal             : exinfo->fileuserdata       = 000001B55D36DD98
[LOG] SystemI::createSoundInternal             : exinfo->initialseekpostype = 1
[LOG] SystemI::DSPCodecPoolRegister            : register codec pool for pool type 4
[LOG] SystemI::createSoundInternal             : Sample 0/1: name='test_sound (1LQ) (2) — копия', format=5, channels=2, frequency=22050, lengthbytes=338528, lengthpcm=1794662, pcmblocksize=0, loopstart=0, loopend=0, mode=0x00000000, channelmask=0x00000000, channelorder=0, peakvolume=0.339386.
[LOG] SystemI::createSoundInternal             : Create name='', mode=0x02000202
[LOG] SystemI::createSoundInternal             : exinfo->cbsize             = 224
[LOG] SystemI::createSoundInternal             : exinfo->length             = 8391232
[LOG] SystemI::createSoundInternal             : exinfo->fileoffset         = 12448
[LOG] SystemI::createSoundInternal             : exinfo->numsubsounds       = 1
[LOG] SystemI::createSoundInternal             : exinfo->inclusionlist      = 0000007DB19FF148
[LOG] SystemI::createSoundInternal             : exinfo->inclusionlistnum   = 1
[LOG] SystemI::createSoundInternal             : exinfo->suggestedsoundtype = 5
[LOG] SystemI::createSoundInternal             : exinfo->useropen           = 00007FFD3D8CDA60
[LOG] SystemI::createSoundInternal             : exinfo->userclose          = 00007FFD3D8CDA20
[LOG] SystemI::createSoundInternal             : exinfo->userread           = 00007FFD3D8CDB40
[LOG] SystemI::createSoundInternal             : exinfo->userseek           = 00007FFD3D8CDC00
[LOG] SystemI::createSoundInternal             : exinfo->fileuserdata       = 000001B55D36DD98
[LOG] SystemI::createSoundInternal             : exinfo->initialseekpostype = 1
[LOG] SystemI::DSPCodecPoolRegister            : register codec pool for pool type 4
[LOG] SystemI::createSoundInternal             : Sample 0/1: name='test_sound (2)', format=5, channels=2, frequency=48000, lengthbytes=908704, lengthpcm=3906748, pcmblocksize=0, loopstart=0, loopend=0, mode=0x00000000, channelmask=0x00000000, channelorder=0, peakvolume=0.339386.
[LOG] SystemI::createSoundInternal             : Create name='', mode=0x02000202
[LOG] SystemI::createSoundInternal             : exinfo->cbsize             = 224
[LOG] SystemI::createSoundInternal             : exinfo->length             = 8391232
[LOG] SystemI::createSoundInternal             : exinfo->fileoffset         = 12448
[LOG] SystemI::createSoundInternal             : exinfo->numsubsounds       = 1
[LOG] SystemI::createSoundInternal             : exinfo->inclusionlist      = 0000007DB19FF148
[LOG] SystemI::createSoundInternal             : exinfo->inclusionlistnum   = 1
[LOG] SystemI::createSoundInternal             : exinfo->suggestedsoundtype = 5
[LOG] SystemI::createSoundInternal             : exinfo->useropen           = 00007FFD3D8CDA60
[LOG] SystemI::createSoundInternal             : exinfo->userclose          = 00007FFD3D8CDA20
[LOG] SystemI::createSoundInternal             : exinfo->userread           = 00007FFD3D8CDB40
[LOG] SystemI::createSoundInternal             : exinfo->userseek           = 00007FFD3D8CDC00
[LOG] SystemI::createSoundInternal             : exinfo->fileuserdata       = 000001B55D36DD98
[LOG] SystemI::createSoundInternal             : exinfo->initialseekpostype = 1
[LOG] SystemI::DSPCodecPoolRegister            : register codec pool for pool type 4
[LOG] SystemI::createSoundInternal             : Sample 0/1: name='test_sound (1MQ) (2)', format=5, channels=2, frequency=32000, lengthbytes=676896, lengthpcm=2604498, pcmblocksize=0, loopstart=0, loopend=0, mode=0x00000000, channelmask=0x00000000, channelorder=0, peakvolume=0.339386.
[LOG] SystemI::createSoundInternal             : Create name='', mode=0x02000202
[LOG] SystemI::createSoundInternal             : exinfo->cbsize             = 224
[LOG] SystemI::createSoundInternal             : exinfo->length             = 8391232
[LOG] SystemI::createSoundInternal             : exinfo->fileoffset         = 12448
[LOG] SystemI::createSoundInternal             : exinfo->numsubsounds       = 1
[LOG] SystemI::createSoundInternal             : exinfo->inclusionlist      = 0000007DB19FF148
[LOG] SystemI::createSoundInternal             : exinfo->inclusionlistnum   = 1
[LOG] SystemI::createSoundInternal             : exinfo->suggestedsoundtype = 5
[LOG] SystemI::createSoundInternal             : exinfo->useropen           = 00007FFD3D8CDA60
[LOG] SystemI::createSoundInternal             : exinfo->userclose          = 00007FFD3D8CDA20
[LOG] SystemI::createSoundInternal             : exinfo->userread           = 00007FFD3D8CDB40
[LOG] SystemI::createSoundInternal             : exinfo->userseek           = 00007FFD3D8CDC00
[LOG] SystemI::createSoundInternal             : exinfo->fileuserdata       = 000001B55D36DD98
[LOG] SystemI::createSoundInternal             : exinfo->initialseekpostype = 1
[LOG] SystemI::DSPCodecPoolRegister            : register codec pool for pool type 4
[LOG] SystemI::createSoundInternal             : Sample 0/1: name='test_sound (1MQ) (3)', format=5, channels=2, frequency=32000, lengthbytes=851584, lengthpcm=3317960, pcmblocksize=0, loopstart=0, loopend=0, mode=0x00000000, channelmask=0x00000000, channelorder=0, peakvolume=0.276520.
[LOG] SystemI::createSoundInternal             : Create name='', mode=0x02000202
[LOG] SystemI::createSoundInternal             : exinfo->cbsize             = 224
[LOG] SystemI::createSoundInternal             : exinfo->length             = 8391232
[LOG] SystemI::createSoundInternal             : exinfo->fileoffset         = 12448
[LOG] SystemI::createSoundInternal             : exinfo->numsubsounds       = 1
[LOG] SystemI::createSoundInternal             : exinfo->inclusionlist      = 0000007DB19FF148
[LOG] SystemI::createSoundInternal             : exinfo->inclusionlistnum   = 1
[LOG] SystemI::createSoundInternal             : exinfo->suggestedsoundtype = 5
[LOG] SystemI::createSoundInternal             : exinfo->useropen           = 00007FFD3D8CDA60
[LOG] SystemI::createSoundInternal             : exinfo->userclose          = 00007FFD3D8CDA20
[LOG] SystemI::createSoundInternal             : exinfo->userread           = 00007FFD3D8CDB40
[LOG] SystemI::createSoundInternal             : exinfo->userseek           = 00007FFD3D8CDC00
[LOG] SystemI::createSoundInternal             : exinfo->fileuserdata       = 000001B55D36DD98
[LOG] SystemI::createSoundInternal             : exinfo->initialseekpostype = 1
[LOG] SystemI::DSPCodecPoolRegister            : register codec pool for pool type 4
[LOG] SystemI::createSoundInternal             : Sample 0/1: name='test_sound (1)', format=5, channels=2, frequency=48000, lengthbytes=1490784, lengthpcm=6491922, pcmblocksize=0, loopstart=0, loopend=0, mode=0x00000000, channelmask=0x00000000, channelorder=0, peakvolume=0.332916.
[LOG] SystemI::createSoundInternal             : Create name='', mode=0x02000202
[LOG] SystemI::createSoundInternal             : exinfo->cbsize             = 224
[LOG] SystemI::createSoundInternal             : exinfo->length             = 8391232
[LOG] SystemI::createSoundInternal             : exinfo->fileoffset         = 12448
[LOG] SystemI::createSoundInternal             : exinfo->numsubsounds       = 1
[LOG] SystemI::createSoundInternal             : exinfo->inclusionlist      = 0000007DB19FF148
[LOG] SystemI::createSoundInternal             : exinfo->inclusionlistnum   = 1
[LOG] SystemI::createSoundInternal             : exinfo->suggestedsoundtype = 5
[LOG] SystemI::createSoundInternal             : exinfo->useropen           = 00007FFD3D8CDA60
[LOG] SystemI::createSoundInternal             : exinfo->userclose          = 00007FFD3D8CDA20
[LOG] SystemI::createSoundInternal             : exinfo->userread           = 00007FFD3D8CDB40
[LOG] SystemI::createSoundInternal             : exinfo->userseek           = 00007FFD3D8CDC00
[LOG] SystemI::createSoundInternal             : exinfo->fileuserdata       = 000001B55D36DD98
[LOG] SystemI::createSoundInternal             : exinfo->initialseekpostype = 1
[LOG] SystemI::DSPCodecPoolRegister            : register codec pool for pool type 4
[LOG] SystemI::createSoundInternal             : Sample 0/1: name='test_sound (1LQ) (3) — копия', format=5, channels=2, frequency=22050, lengthbytes=422624, lengthpcm=2286282, pcmblocksize=0, loopstart=0, loopend=0, mode=0x00000000, channelmask=0x00000000, channelorder=0, peakvolume=0.276520.
[LOG] SystemI::createSoundInternal             : Create name='', mode=0x02000202
[LOG] SystemI::createSoundInternal             : exinfo->cbsize             = 224
[LOG] SystemI::createSoundInternal             : exinfo->length             = 8391232
[LOG] SystemI::createSoundInternal             : exinfo->fileoffset         = 12448
[LOG] SystemI::createSoundInternal             : exinfo->numsubsounds       = 1
[LOG] SystemI::createSoundInternal             : exinfo->inclusionlist      = 0000007DB19FF148
[LOG] SystemI::createSoundInternal             : exinfo->inclusionlistnum   = 1
[LOG] SystemI::createSoundInternal             : exinfo->suggestedsoundtype = 5
[LOG] SystemI::createSoundInternal             : exinfo->useropen           = 00007FFD3D8CDA60
[LOG] SystemI::createSoundInternal             : exinfo->userclose          = 00007FFD3D8CDA20
[LOG] SystemI::createSoundInternal             : exinfo->userread           = 00007FFD3D8CDB40
[LOG] SystemI::createSoundInternal             : exinfo->userseek           = 00007FFD3D8CDC00
[LOG] SystemI::createSoundInternal             : exinfo->fileuserdata       = 000001B55D36DD98
[LOG] SystemI::createSoundInternal             : exinfo->initialseekpostype = 1
[LOG] SystemI::DSPCodecPoolRegister            : register codec pool for pool type 4
[LOG] SystemI::createSoundInternal             : Sample 0/1: name='test_sound (1MQ) (1)', format=5, channels=2, frequency=32000, lengthbytes=1119232, lengthpcm=4327948, pcmblocksize=0, loopstart=0, loopend=0, mode=0x00000000, channelmask=0x00000000, channelorder=0, peakvolume=0.332916.
[LOG] SystemI::createSoundInternal             : Create name='', mode=0x02000202
[LOG] SystemI::createSoundInternal             : exinfo->cbsize             = 224
[LOG] SystemI::createSoundInternal             : exinfo->length             = 8391232
[LOG] SystemI::createSoundInternal             : exinfo->fileoffset         = 12448
[LOG] SystemI::createSoundInternal             : exinfo->numsubsounds       = 1
[LOG] SystemI::createSoundInternal             : exinfo->inclusionlist      = 0000007DB19FF148
[LOG] SystemI::createSoundInternal             : exinfo->inclusionlistnum   = 1
[LOG] SystemI::createSoundInternal             : exinfo->suggestedsoundtype = 5
[LOG] SystemI::createSoundInternal             : exinfo->useropen           = 00007FFD3D8CDA60
[LOG] SystemI::createSoundInternal             : exinfo->userclose          = 00007FFD3D8CDA20
[LOG] SystemI::createSoundInternal             : exinfo->userread           = 00007FFD3D8CDB40
[LOG] SystemI::createSoundInternal             : exinfo->userseek           = 00007FFD3D8CDC00
[LOG] SystemI::createSoundInternal             : exinfo->fileuserdata       = 000001B55D36DD98
[LOG] SystemI::createSoundInternal             : exinfo->initialseekpostype = 1
[LOG] SystemI::DSPCodecPoolRegister            : register codec pool for pool type 4
[LOG] SystemI::createSoundInternal             : Sample 0/1: name='test_sound (3)', format=5, channels=2, frequency=48000, lengthbytes=1060864, lengthpcm=4976940, pcmblocksize=0, loopstart=0, loopend=0, mode=0x00000000, channelmask=0x00000000, channelorder=0, peakvolume=0.276520.
[LOG] SystemI::createSoundInternal             : Create name='', mode=0x02000202
[LOG] SystemI::createSoundInternal             : exinfo->cbsize             = 224
[LOG] SystemI::createSoundInternal             : exinfo->length             = 8391232
[LOG] SystemI::createSoundInternal             : exinfo->fileoffset         = 12448
[LOG] SystemI::createSoundInternal             : exinfo->numsubsounds       = 1
[LOG] SystemI::createSoundInternal             : exinfo->inclusionlist      = 0000007DB19FF148
[LOG] SystemI::createSoundInternal             : exinfo->inclusionlistnum   = 1
[LOG] SystemI::createSoundInternal             : exinfo->suggestedsoundtype = 5
[LOG] SystemI::createSoundInternal             : exinfo->useropen           = 00007FFD3D8CDA60
[LOG] SystemI::createSoundInternal             : exinfo->userclose          = 00007FFD3D8CDA20
[LOG] SystemI::createSoundInternal             : exinfo->userread           = 00007FFD3D8CDB40
[LOG] SystemI::createSoundInternal             : exinfo->userseek           = 00007FFD3D8CDC00
[LOG] SystemI::createSoundInternal             : exinfo->fileuserdata       = 000001B55D36DD98
[LOG] SystemI::createSoundInternal             : exinfo->initialseekpostype = 1
[LOG] SystemI::DSPCodecPoolRegister            : register codec pool for pool type 4
[LOG] SystemI::createSoundInternal             : Sample 0/1: name='test_sound (1LQ) (1) — копия', format=5, channels=2, frequency=22050, lengthbytes=565728, lengthpcm=2982227, pcmblocksize=0, loopstart=0, loopend=0, mode=0x00000000, channelmask=0x00000000, channelorder=0, peakvolume=0.332916.
[WRN] AsyncCommand_eventInstance_setParameterByName::executeShadow : Parameter 'Distance' is readonly
[LOG] AsyncThread::add                         : add sound to async queue : soundi = 000001B549FB8888, queue head = 000001B549FB7588, queue count = 0
[LOG] AsyncThread::threadFunc                  : Starting Asynchronous operation on sound 000001B549FB8888
[LOG] AsyncThread::threadFunc                  : Finished Asynchronous operation on sound 000001B549FB8888
[WRN] AsyncCommand_eventInstance_setParameterByName::executeShadow : Parameter 'Distance' is readonly
[WRN] AsyncCommand_eventInstance_setParameterByName::executeShadow : Parameter 'Distance' is readonly
[WRN] AsyncCommand_eventInstance_setParameterByName::executeShadow : Parameter 'Distance' is readonly
[LOG] SystemI::createSoundInternal             : Create name='', mode=0x02000202
[LOG] SystemI::createSoundInternal             : exinfo->cbsize             = 224
[LOG] SystemI::createSoundInternal             : exinfo->length             = 8391232
[LOG] SystemI::createSoundInternal             : exinfo->fileoffset         = 12448
[LOG] SystemI::createSoundInternal             : exinfo->numsubsounds       = 1
[LOG] SystemI::createSoundInternal             : exinfo->inclusionlist      = 0000007DB19FF148
[LOG] SystemI::createSoundInternal             : exinfo->inclusionlistnum   = 1
[LOG] SystemI::createSoundInternal             : exinfo->suggestedsoundtype = 5
[LOG] SystemI::createSoundInternal             : exinfo->useropen           = 00007FFD3D8CDA60
[LOG] SystemI::createSoundInternal             : exinfo->userclose          = 00007FFD3D8CDA20
[LOG] SystemI::createSoundInternal             : exinfo->userread           = 00007FFD3D8CDB40
[LOG] SystemI::createSoundInternal             : exinfo->userseek           = 00007FFD3D8CDC00
[LOG] SystemI::createSoundInternal             : exinfo->fileuserdata       = 000001B55D36C4D8
[LOG] SystemI::createSoundInternal             : exinfo->initialseekpostype = 1
[LOG] SystemI::DSPCodecPoolRegister            : register codec pool for pool type 4
[LOG] SystemI::createSoundInternal             : Sample 0/1: name='Animals, Farm, Bird, Chickens SND11274', format=5, channels=2, frequency=22050, lengthbytes=26976, lengthpcm=117966, pcmblocksize=0, loopstart=0, loopend=0, mode=0x00000000, channelmask=0x00000000, channelorder=0, peakvolume=0.586506.
[LOG] SystemI::createSound                     : filename = ../Audio_FMOD/they will desend/Build/Desktop/Ambience_Town.bank : mode 02010082
[LOG] SystemI::createSound                     : FMOD_NONBLOCKING specified.  Putting into queue to be opened asynchronously!
[LOG] AsyncThread::getAsyncThread              : index = 0 / 5
[LOG] AsyncThread::add                         : add sound to async queue : soundi = 000001B549FB7A78, queue head = 000001B549FB7588, queue count = 0
[LOG] AsyncThread::threadFunc                  : Starting Asynchronous operation on sound 000001B549FB7A78
[LOG] SystemI::createSoundInternal             :     Create name='../Audio_FMOD/they will desend/Build/Desktop/Ambience_Town.bank', mode=0x02010082
[LOG] SystemI::createSoundInternal             :     exinfo->cbsize             = 224
[LOG] SystemI::createSoundInternal             :     exinfo->length             = 8391232
[LOG] SystemI::createSoundInternal             :     exinfo->fileoffset         = 12448
[LOG] SystemI::createSoundInternal             :     exinfo->numsubsounds       = 1
[LOG] SystemI::createSoundInternal             :     exinfo->inclusionlist      = 000001B69DEDCCD8
[LOG] SystemI::createSoundInternal             :     exinfo->inclusionlistnum   = 1
[LOG] SystemI::createSoundInternal             :     exinfo->suggestedsoundtype = 5
[LOG] SystemI::createSoundInternal             :     exinfo->initialseekpostype = 1
[LOG] SystemI::createSoundInternal             :     Stream 0/1: name='Animals, Dog, Bark, Exterior, Small Dog, Courtyard, Close SND46321', format=5, channels=1, frequency=22050, lengthbytes=95296, lengthpcm=691958, pcmblocksize=0, loopstart=0, loopend=0, mode=0x00000000, channelmask=0x00000000, channelorder=0, peakvolume=0.793422.
[LOG] AsyncThread::threadFunc                  : Finished Asynchronous operation on sound 000001B549FB7A78
[LOG] AsyncThread::add                         : add sound to async queue : soundi = 000001B549FB6DF8, queue head = 000001B549FB7588, queue count = 0
[LOG] AsyncThread::threadFunc                  : Starting Asynchronous operation on sound 000001B549FB6DF8
[LOG] AsyncThread::threadFunc                  : Finished Asynchronous operation on sound 000001B549FB6DF8
[WRN] AsyncCommand_eventInstance_setParameterByName::executeShadow : Parameter 'Distance' is readonly
[WRN] AsyncCommand_eventInstance_setParameterByName::executeShadow : Parameter 'Distance' is readonly
[WRN] AsyncCommand_eventInstance_setParameterByName::executeShadow : Parameter 'Distance' is readonly
[WRN] AsyncCommand_eventInstance_setParameterByName::executeShadow : Parameter 'Distance' is readonly
[WRN] AsyncCommand_eventInstance_setParameterByName::executeShadow : Parameter 'Distance' is readonly
[WRN] AsyncCommand_eventInstance_setParameterByName::executeShadow : Parameter 'Distance' is readonly
[WRN] AsyncCommand_eventInstance_setParameterByName::executeShadow : Parameter 'Distance' is readonly
[WRN] AsyncCommand_eventInstance_setParameterByName::executeShadow : Parameter 'Distance' is readonly
[WRN] AsyncCommand_eventInstance_setParameterByName::executeShadow : Parameter 'Distance' is readonly
[WRN] AsyncCommand_eventInstance_setParameterByName::executeShadow : Parameter 'Distance' is readonly
[WRN] AsyncCommand_eventInstance_setParameterByName::executeShadow : Parameter 'Distance' is readonly
[WRN] AsyncCommand_eventInstance_setParameterByName::executeShadow : Parameter 'Distance' is readonly
[WRN] AsyncCommand_eventInstance_setParameterByName::executeShadow : Parameter 'Distance' is readonly
[WRN] AsyncCommand_eventInstance_setParameterByName::executeShadow : Parameter 'Distance' is readonly
[WRN] AsyncCommand_eventInstance_setParameterByName::executeShadow : Parameter 'Distance' is readonly
[WRN] AsyncCommand_eventInstance_setParameterByName::executeShadow : Parameter 'Distance' is readonly
[WRN] AsyncCommand_eventInstance_setParameterByName::executeShadow : Parameter 'Distance' is readonly
[WRN] AsyncCommand_eventInstance_setParameterByName::executeShadow : Parameter 'Distance' is readonly
[WRN] AsyncCommand_eventInstance_setParameterByName::executeShadow : Parameter 'Distance' is readonly
[WRN] AsyncCommand_eventInstance_setParameterByName::executeShadow : Parameter 'Distance' is readonly
[WRN] AsyncCommand_eventInstance_setParameterByName::executeShadow : Parameter 'Distance' is readonly
[WRN] AsyncCommand_eventInstance_setParameterByName::executeShadow : Parameter 'Distance' is readonly
[WRN] AsyncCommand_eventInstance_setParameterByName::executeShadow : Parameter 'Distance' is readonly
[WRN] AsyncCommand_eventInstance_setParameterByName::executeShadow : Parameter 'Distance' is readonly
[WRN] AsyncCommand_eventInstance_setParameterByName::executeShadow : Parameter 'Distance' is readonly
[WRN] AsyncCommand_eventInstance_setParameterByName::executeShadow : Parameter 'Distance' is readonly
[WRN] AsyncCommand_eventInstance_setParameterByName::executeShadow : Parameter 'Distance' is readonly
[WRN] AsyncCommand_eventInstance_setParameterByName::executeShadow : Parameter 'Distance' is readonly
[WRN] AsyncCommand_eventInstance_setParameterByName::executeShadow : Parameter 'Distance' is readonly
[WRN] AsyncCommand_eventInstance_setParameterByName::executeShadow : Parameter 'Distance' is readonly
[WRN] AsyncCommand_eventInstance_setParameterByName::executeShadow : Parameter 'Distance' is readonly
[WRN] AsyncCommand_eventInstance_setParameterByName::executeShadow : Parameter 'Distance' is readonly
[WRN] AsyncCommand_eventInstance_setParameterByName::executeShadow : Parameter 'Distance' is readonly
[WRN] AsyncCommand_eventInstance_setParameterByName::executeShadow : Parameter 'Distance' is readonly
[LOG] SystemI::createSound                     : filename = ../Audio_FMOD/they will desend/Build/Desktop/Ambience_Wind_Generator.bank : mode 02010082
[LOG] SystemI::createSound                     : FMOD_NONBLOCKING specified.  Putting into queue to be opened asynchronously!
[LOG] AsyncThread::getAsyncThread              : index = 0 / 5
[LOG] AsyncThread::add                         : add sound to async queue : soundi = 000001B549FB7118, queue head = 000001B549FB7588, queue count = 0
[LOG] AsyncThread::threadFunc                  : Starting Asynchronous operation on sound 000001B549FB7118
[LOG] SystemI::createSound                     : filename = ../Audio_FMOD/they will desend/Build/Desktop/Ambience_Wind_Generator.bank : mode 02010082
[LOG] SystemI::createSoundInternal             :     Create name='../Audio_FMOD/they will desend/Build/Desktop/Ambience_Wind_Generator.bank', mode=0x02010082
[LOG] SystemI::createSound                     :     FMOD_NONBLOCKING specified.  Putting into queue to be opened asynchronously!
[LOG] SystemI::createSoundInternal             :     exinfo->cbsize             = 224
[LOG] AsyncThread::getAsyncThread              :     index = 0 / 5
[LOG] SystemI::createSoundInternal             :     exinfo->length             = 946240
[LOG] SystemI::createSoundInternal             :     exinfo->fileoffset         = 5696
[LOG] SystemI::createSoundInternal             :     exinfo->numsubsounds       = 1
[LOG] AsyncThread::add                         :     add sound to async queue : soundi = 000001B549FB7D98, queue head = 000001B549FB7588, queue count = 0
[LOG] SystemI::createSoundInternal             :     exinfo->inclusionlist      = 000001B69DEDCE38
[LOG] SystemI::createSoundInternal             :     exinfo->inclusionlistnum   = 1
[LOG] SystemI::createSoundInternal             :     exinfo->suggestedsoundtype = 5
[LOG] SystemI::createSoundInternal             :     exinfo->initialseekpostype = 1
[LOG] SystemI::createSoundInternal             :     Stream 0/1: name='Birds, Bird Of Prey, Boreal Owl, Hooting, Quiet Night, Middle of Forest, Nord Odal, Norway SND157971 2', format=5, channels=2, frequency=48000, lengthbytes=793280, lengthpcm=2854960, pcmblocksize=0, loopstart=0, loopend=0, mode=0x00000000, channelmask=0x00000000, channelorder=0, peakvolume=0.169746.
[LOG] AsyncThread::threadFunc                  : Finished Asynchronous operation on sound 000001B549FB7118
[LOG] AsyncThread::threadFunc                  : Starting Asynchronous operation on sound 000001B549FB7D98
[LOG] SystemI::createSoundInternal             :     Create name='../Audio_FMOD/they will desend/Build/Desktop/Ambience_Wind_Generator.bank', mode=0x02010082
[LOG] SystemI::createSoundInternal             :     exinfo->cbsize             = 224
[LOG] SystemI::createSoundInternal             :     exinfo->length             = 946240
[LOG] SystemI::createSoundInternal             :     exinfo->fileoffset         = 5696
[LOG] SystemI::createSoundInternal             :     exinfo->numsubsounds       = 1
[LOG] SystemI::createSoundInternal             :     exinfo->inclusionlist      = 000001B69DEDD3B8
[LOG] SystemI::createSoundInternal             :     exinfo->inclusionlistnum   = 1
[LOG] SystemI::createSoundInternal             :     exinfo->suggestedsoundtype = 5
[LOG] SystemI::createSoundInternal             :     exinfo->initialseekpostype = 1
[LOG] SystemI::createSoundInternal             :     Stream 0/1: name='whitenoisetv', format=5, channels=2, frequency=44100, lengthbytes=152096, lengthpcm=651959, pcmblocksize=0, loopstart=0, loopend=651322, mode=0x00000000, channelmask=0x00000000, channelorder=0, peakvolume=0.275501.
[LOG] AsyncThread::threadFunc                  : Finished Asynchronous operation on sound 000001B549FB7D98
[LOG] AsyncThread::add                         : add sound to async queue : soundi = 000001B549FB7F28, queue head = 000001B549FB7588, queue count = 0
[LOG] AsyncThread::threadFunc                  : Starting Asynchronous operation on sound 000001B549FB7F28
[LOG] AsyncThread::threadFunc                  : Finished Asynchronous operation on sound 000001B549FB7F28
[WRN] AsyncCommand_eventInstance_setParameterByName::executeShadow : Parameter 'Distance' is readonly
[LOG] SoundI::release                          : whitenoisetv (000001B549FB86F8)
[LOG] SoundI::release                          :     whitenoisetv (000001B6A73E0458)
[LOG] SoundI::release                          :     whitenoisetv (000001B549FB78E8)
[LOG] SoundI::release                          : Birds, Bird Of Prey, Boreal Owl, Hooting, Quiet Night, Middle of Forest, Nord Odal, Norway SND157971 2 (000001B549FB6C68)
[LOG] SoundI::release                          :     Birds, Bird Of Prey, Boreal Owl, Hooting, Quiet Night, Middle of Forest, Nord Odal, Norway SND157971 2 (000001B6A73E0BD8)
[LOG] SoundI::release                          :     Birds, Bird Of Prey, Boreal Owl, Hooting, Quiet Night, Middle of Forest, Nord Odal, Norway SND157971 2 (000001B549FB8888)
[WRN] AsyncCommand_eventInstance_setParameterByName::executeShadow : Parameter 'Distance' is readonly
[WRN] AsyncCommand_eventInstance_setParameterByName::executeShadow : Parameter 'Distance' is readonly
[WRN] AsyncCommand_eventInstance_setParameterByName::executeShadow : Parameter 'Distance' is readonly
[WRN] AsyncCommand_eventInstance_setParameterByName::executeShadow : Parameter 'Distance' is readonly
[WRN] AsyncCommand_eventInstance_setParameterByName::executeShadow : Parameter 'Distance' is readonly
[WRN] AsyncCommand_eventInstance_setParameterByName::executeShadow : Parameter 'Distance' is readonly
[WRN] AsyncCommand_eventInstance_setParameterByName::executeShadow : Parameter 'Distance' is readonly
[WRN] AsyncCommand_eventInstance_setParameterByName::executeShadow : Parameter 'Distance' is readonly
[WRN] AsyncCommand_eventInstance_setParameterByName::executeShadow : Parameter 'Distance' is readonly
[WRN] AsyncCommand_eventInstance_setParameterByName::executeShadow : Parameter 'Distance' is readonly
[LOG] SoundI::release                          : Animals, Dog, Bark, Exterior, Small Dog, Courtyard, Close SND46321 (000001B549FB7A78)
[LOG] SoundI::release                          :     Animals, Dog, Bark, Exterior, Small Dog, Courtyard, Close SND46321 (000001B642904348)
[LOG] SoundI::release                          :     Animals, Dog, Bark, Exterior, Small Dog, Courtyard, Close SND46321 (000001B549FB6DF8)
[LOG] SoundI::release                          :  (000001B69ACB4D98)
[LOG] SoundI::release                          :     test_sound (1MQ) (1) (000001B642900EC8)
[LOG] SoundI::release                          :  (000001B32E678C68)
[LOG] SoundI::release                          :     test_sound (1MQ) (2) (000001B642903748)
[LOG] SoundI::release                          :  (000001B32E6789A8)
[LOG] SoundI::release                          :     test_sound (1MQ) (3) (000001B642902848)
[LOG] SoundI::release                          :  (000001B69E0B17D8)
[LOG] SoundI::release                          :     test_sound (1) (000001B642903148)
[LOG] SoundI::release                          :  (000001B32E68C4A8)
[LOG] SoundI::release                          :     test_sound (2) (000001B6428FFFC8)
[LOG] SoundI::release                          :  (000001B69ACB4978)
[LOG] SoundI::release                          :     test_sound (3) (000001B642902E48)
[LOG] SoundI::release                          :  (000001B69ACB4C38)
[LOG] SoundI::release                          :     test_sound (1LQ) (1) — копия (000001B6429041C8)
[LOG] SoundI::release                          :  (000001B32E68BF28)
[LOG] SoundI::release                          :     test_sound (1LQ) (2) — копия (000001B642900448)
[LOG] SoundI::release                          :  (000001B69ACB4EF8)
[LOG] SoundI::release                          :     test_sound (1LQ) (3) — копия (000001B642904048)
[LOG] SoundI::release                          : whitenoisetv (000001B549FB7D98)
[LOG] SoundI::release                          :     whitenoisetv (000001B638B1A808)
[LOG] SoundI::release                          :     whitenoisetv (000001B549FB7F28)
[LOG] SoundI::release                          : Birds, Bird Of Prey, Boreal Owl, Hooting, Quiet Night, Middle of Forest, Nord Odal, Norway SND157971 2 (000001B549FB7118)
[LOG] SoundI::release                          :     Birds, Bird Of Prey, Boreal Owl, Hooting, Quiet Night, Middle of Forest, Nord Odal, Norway SND157971 2 (000001B638B1A388)
[LOG] SoundI::release                          :     Birds, Bird Of Prey, Boreal Owl, Hooting, Quiet Night, Middle of Forest, Nord Odal, Norway SND157971 2 (000001B549FB6F88)
[LOG] SoundI::release                          :  (000001B69ACB4818)
[LOG] SoundI::release                          :     Animals, Farm, Bird, Chickens SND11274 (000001B642900BC8)
[LOG] Thread::callback                         : FMOD Studio update thread finished.
[LOG] Thread::callback                         : FMOD Studio bank load thread finished.
[LOG] ProfileClient::markDead                  : Closing client connection
[LOG] Profile::disconnectAll                   : Profiler disconnecting all clients
[LOG] FMOD_OS_Net_Read                         : Interrupted.[LOG] ProfileClient::recvThreadLoopFunction    : Socket disconnected
[LOG] Thread::callback                         : FMOD profiler thread (send) finished.
[LOG] Thread::callback                         : FMOD profiler thread (recv) finished.
[LOG] Thread::callback                         : FMOD Studio sample load thread finished.
[LOG] LiveUpdate::release                      : 
[LOG] LiveUpdate::reset                        : Reset connection (reason Disconnected)
[LOG] Thread::callback                         : FMOD stream thread finished.
[LOG] Thread::callback                         : FMOD mixer thread finished.
[LOG] Profile::disconnectAll                   : Profiler disconnecting all clients
[LOG] SystemI::closeInternal                   : Closed.
